=== RUN   TestE2EBypassMatrix
    e2e_bypass_matrix_test.go:54: ΓöüΓöüΓöüΓöüΓöüΓöüΓöüΓöüΓöüΓöüΓöüΓöüΓöüΓöüΓöüΓöüΓöüΓöüΓöüΓöüΓöüΓöüΓöüΓöüΓöüΓöüΓöüΓöüΓöüΓöüΓöüΓöüΓöüΓöüΓöüΓöüΓöüΓöüΓöüΓöüΓöüΓöüΓöüΓöüΓöüΓöüΓöüΓöüΓöüΓöüΓöüΓöüΓöüΓöüΓöüΓöüΓöüΓöüΓöüΓöüΓöüΓöüΓöüΓöüΓöüΓöü
    e2e_bypass_matrix_test.go:55: ≡ƒº¬ E2E BYPASS MATRIX TEST
    e2e_bypass_matrix_test.go:56: ΓöüΓöüΓöüΓöüΓöüΓöüΓöüΓöüΓöüΓöüΓöüΓöüΓöüΓöüΓöüΓöüΓöüΓöüΓöüΓöüΓöüΓöüΓöüΓöüΓöüΓöüΓöüΓöüΓöüΓöüΓöüΓöüΓöüΓöüΓöüΓöüΓöüΓöüΓöüΓöüΓöüΓöüΓöüΓöüΓöüΓöüΓöüΓöüΓöüΓöüΓöüΓöüΓöüΓöüΓöüΓöüΓöüΓöüΓöüΓöüΓöüΓöüΓöüΓöüΓöüΓöü
    e2e_bypass_matrix_test.go:59: 
        ≡ƒöì Testing Profile: YouTube + Discord (╨ó╨í╨ƒ╨ú Optimized)
    e2e_bypass_matrix_test.go:66:   Cycle 1/3: Starting engine...
    e2e_bypass_matrix_test.go:77:   ΓÜá∩╕Å  Engine initialization timeout
    e2e_bypass_matrix_test.go:81:   ≡ƒôï Engine logs (last 10 lines):
    e2e_bypass_matrix_test.go:87:       [20:50:12.380][STDOUT]  --hostlist-auto-udp-in=<int>				; udp failure condition : received not more than `udp_in` packets (default : 1)
    e2e_bypass_matrix_test.go:87:       [20:50:12.380][STDOUT]  --hostlist-auto-debug=<logfile>			; debug auto hostlist positives (global parameter)
    e2e_bypass_matrix_test.go:87:       [20:50:12.380][STDOUT] 
    e2e_bypass_matrix_test.go:87:       [20:50:12.380][STDOUT] LUA PACKET PASS MODE:
    e2e_bypass_matrix_test.go:87:       [20:50:12.380][STDOUT]  --payload=type[,type]					; set payload types following LUA functions should process : all unknown empty known ipv4 ipv6 icmp http_req http_reply tls_client_hello tls_server_hello dtls_client_hello dtls_server_hello quic_initial wireguard_initiation wireguard_response wireguard_cookie wireguard_keepalive wireguard_data dht discord_ip_discovery stun xmpp_stream xmpp_starttls xmpp_proceed xmpp_features dns_query dns_response mtproto_initial bt_handshake utp_bt_handshake
    e2e_bypass_matrix_test.go:87:       [20:50:12.380][STDOUT]  --out-range=[(n|a|d|s|p)<int>](-|<)[(n|a|d|s|p)<int>]	; set outgoing packet range for following LUA functions. '-' - include end pos, '<' - not include. prefix meaning : n - packet number, d - data packet number, s - relative sequence, p - data position relative sequence, b - byte count, x - never, a - always
    e2e_bypass_matrix_test.go:87:       [20:50:12.380][STDOUT]  --in-range=[(n|a|d|s|p)<int>](-|<)[(n|a|d|s|p)<int>]	; set incoming packet range for following LUA functions. '-' - include end pos, '<' - not include. prefix meaning : n - packet number, d - data packet number, s - relative sequence, p - data position relative sequence, b - byte count, x - never, a - always
    e2e_bypass_matrix_test.go:87:       [20:50:12.380][STDOUT] 
    e2e_bypass_matrix_test.go:87:       [20:50:12.380][STDOUT] LUA DESYNC ACTION:
    e2e_bypass_matrix_test.go:87:       [20:50:12.380][STDOUT]  --lua-desync=<functon>[:param1=val1[:param2=val2]]	; call LUA function when packet received
    e2e_bypass_matrix_test.go:59: 
        ≡ƒöì Testing Profile: YouTube Only
    e2e_bypass_matrix_test.go:66:   Cycle 1/3: Starting engine...
    e2e_bypass_matrix_test.go:77:   ΓÜá∩╕Å  Engine initialization timeout
    e2e_bypass_matrix_test.go:81:   ≡ƒôï Engine logs (last 10 lines):
    e2e_bypass_matrix_test.go:87:       [20:50:18.156][STDOUT]  --hostlist-auto-udp-in=<int>				; udp failure condition : received not more than `udp_in` packets (default : 1)
    e2e_bypass_matrix_test.go:87:       [20:50:18.156][STDOUT]  --hostlist-auto-debug=<logfile>			; debug auto hostlist positives (global parameter)
    e2e_bypass_matrix_test.go:87:       [20:50:18.156][STDOUT] 
    e2e_bypass_matrix_test.go:87:       [20:50:18.156][STDOUT] LUA PACKET PASS MODE:
    e2e_bypass_matrix_test.go:87:       [20:50:18.156][STDOUT]  --payload=type[,type]					; set payload types following LUA functions should process : all unknown empty known ipv4 ipv6 icmp http_req http_reply tls_client_hello tls_server_hello dtls_client_hello dtls_server_hello quic_initial wireguard_initiation wireguard_response wireguard_cookie wireguard_keepalive wireguard_data dht discord_ip_discovery stun xmpp_stream xmpp_starttls xmpp_proceed xmpp_features dns_query dns_response mtproto_initial bt_handshake utp_bt_handshake
    e2e_bypass_matrix_test.go:87:       [20:50:18.156][STDOUT]  --out-range=[(n|a|d|s|p)<int>](-|<)[(n|a|d|s|p)<int>]	; set outgoing packet range for following LUA functions. '-' - include end pos, '<' - not include. prefix meaning : n - packet number, d - data packet number, s - relative sequence, p - data position relative sequence, b - byte count, x - never, a - always
    e2e_bypass_matrix_test.go:87:       [20:50:18.156][STDOUT]  --in-range=[(n|a|d|s|p)<int>](-|<)[(n|a|d|s|p)<int>]	; set incoming packet range for following LUA functions. '-' - include end pos, '<' - not include. prefix meaning : n - packet number, d - data packet number, s - relative sequence, p - data position relative sequence, b - byte count, x - never, a - always
    e2e_bypass_matrix_test.go:87:       [20:50:18.156][STDOUT] 
    e2e_bypass_matrix_test.go:87:       [20:50:18.156][STDOUT] LUA DESYNC ACTION:
    e2e_bypass_matrix_test.go:87:       [20:50:18.156][STDOUT]  --lua-desync=<functon>[:param1=val1[:param2=val2]]	; call LUA function when packet received
    e2e_bypass_matrix_test.go:59: 
        ≡ƒöì Testing Profile: Discord Only
    e2e_bypass_matrix_test.go:66:   Cycle 1/3: Starting engine...
    e2e_bypass_matrix_test.go:77:   ΓÜá∩╕Å  Engine initialization timeout
    e2e_bypass_matrix_test.go:81:   ≡ƒôï Engine logs (last 10 lines):
    e2e_bypass_matrix_test.go:87:       [20:50:23.902][STDOUT]  --hostlist-auto-udp-in=<int>				; udp failure condition : received not more than `udp_in` packets (default : 1)
    e2e_bypass_matrix_test.go:87:       [20:50:23.902][STDOUT]  --hostlist-auto-debug=<logfile>			; debug auto hostlist positives (global parameter)
    e2e_bypass_matrix_test.go:87:       [20:50:23.902][STDOUT] 
    e2e_bypass_matrix_test.go:87:       [20:50:23.902][STDOUT] LUA PACKET PASS MODE:
    e2e_bypass_matrix_test.go:87:       [20:50:23.902][STDOUT]  --payload=type[,type]					; set payload types following LUA functions should process : all unknown empty known ipv4 ipv6 icmp http_req http_reply tls_client_hello tls_server_hello dtls_client_hello dtls_server_hello quic_initial wireguard_initiation wireguard_response wireguard_cookie wireguard_keepalive wireguard_data dht discord_ip_discovery stun xmpp_stream xmpp_starttls xmpp_proceed xmpp_features dns_query dns_response mtproto_initial bt_handshake utp_bt_handshake
    e2e_bypass_matrix_test.go:87:       [20:50:23.902][STDOUT]  --out-range=[(n|a|d|s|p)<int>](-|<)[(n|a|d|s|p)<int>]	; set outgoing packet range for following LUA functions. '-' - include end pos, '<' - not include. prefix meaning : n - packet number, d - data packet number, s - relative sequence, p - data position relative sequence, b - byte count, x - never, a - always
    e2e_bypass_matrix_test.go:87:       [20:50:23.902][STDOUT]  --in-range=[(n|a|d|s|p)<int>](-|<)[(n|a|d|s|p)<int>]	; set incoming packet range for following LUA functions. '-' - include end pos, '<' - not include. prefix meaning : n - packet number, d - data packet number, s - relative sequence, p - data position relative sequence, b - byte count, x - never, a - always
    e2e_bypass_matrix_test.go:87:       [20:50:23.902][STDOUT] 
    e2e_bypass_matrix_test.go:87:       [20:50:23.902][STDOUT] LUA DESYNC ACTION:
    e2e_bypass_matrix_test.go:87:       [20:50:23.902][STDOUT]  --lua-desync=<functon>[:param1=val1[:param2=val2]]	; call LUA function when packet received
    e2e_bypass_matrix_test.go:275: 
        ΓöüΓöüΓöüΓöüΓöüΓöüΓöüΓöüΓöüΓöüΓöüΓöüΓöüΓöüΓöüΓöüΓöüΓöüΓöüΓöüΓöüΓöüΓöüΓöüΓöüΓöüΓöüΓöüΓöüΓöüΓöüΓöüΓöüΓöüΓöüΓöüΓöüΓöüΓöüΓöüΓöüΓöüΓöüΓöüΓöüΓöüΓöüΓöüΓöüΓöüΓöüΓöüΓöüΓöüΓöüΓöüΓöüΓöüΓöüΓöüΓöüΓöüΓöüΓöüΓöüΓöü
    e2e_bypass_matrix_test.go:276: ≡ƒôè TEST RESULTS MATRIX
    e2e_bypass_matrix_test.go:277: ΓöüΓöüΓöüΓöüΓöüΓöüΓöüΓöüΓöüΓöüΓöüΓöüΓöüΓöüΓöüΓöüΓöüΓöüΓöüΓöüΓöüΓöüΓöüΓöüΓöüΓöüΓöüΓöüΓöüΓöüΓöüΓöüΓöüΓöüΓöüΓöüΓöüΓöüΓöüΓöüΓöüΓöüΓöüΓöüΓöüΓöüΓöüΓöüΓöüΓöüΓöüΓöüΓöüΓöüΓöüΓöüΓöüΓöüΓöüΓöüΓöüΓöüΓöüΓöüΓöüΓöü
    e2e_bypass_matrix_test.go:278: Profile                                  | TCP Status   | UDP Status   | Cleanup Status      
    e2e_bypass_matrix_test.go:279: ΓöÇΓöÇΓöÇΓöÇΓöÇΓöÇΓöÇΓöÇΓöÇΓöÇΓöÇΓöÇΓöÇΓöÇΓöÇΓöÇΓöÇΓöÇΓöÇΓöÇΓöÇΓöÇΓöÇΓöÇΓöÇΓöÇΓöÇΓöÇΓöÇΓöÇΓöÇΓöÇΓöÇΓöÇΓöÇΓöÇΓöÇΓöÇΓöÇΓöÇΓöÇΓöÇΓöÇΓöÇΓöÇΓöÇΓöÇΓöÇΓöÇΓöÇΓöÇΓöÇΓöÇΓöÇΓöÇΓöÇΓöÇΓöÇΓöÇΓöÇΓöÇΓöÇΓöÇΓöÇΓöÇΓöÇΓöÇΓöÇΓöÇΓöÇΓöÇΓöÇΓöÇΓöÇΓöÇΓöÇΓöÇΓöÇΓöÇΓöÇΓöÇΓöÇΓöÇΓöÇΓöÇΓöÇΓöÇΓöÇ
    e2e_bypass_matrix_test.go:282: YouTube + Discord (╨ó╨í╨ƒ╨ú Optimized)       | FAIL (timeout) | SKIP         | SKIP                
    e2e_bypass_matrix_test.go:282: YouTube Only                             | FAIL (timeout) | SKIP         | SKIP                
    e2e_bypass_matrix_test.go:282: Discord Only                             | FAIL (timeout) | SKIP         | SKIP                
    e2e_bypass_matrix_test.go:289: ΓöüΓöüΓöüΓöüΓöüΓöüΓöüΓöüΓöüΓöüΓöüΓöüΓöüΓöüΓöüΓöüΓöüΓöüΓöüΓöüΓöüΓöüΓöüΓöüΓöüΓöüΓöüΓöüΓöüΓöüΓöüΓöüΓöüΓöüΓöüΓöüΓöüΓöüΓöüΓöüΓöüΓöüΓöüΓöüΓöüΓöüΓöüΓöüΓöüΓöüΓöüΓöüΓöüΓöüΓöüΓöüΓöüΓöüΓöüΓöüΓöüΓöüΓöüΓöüΓöüΓöü
    e2e_bypass_matrix_test.go:143: Profile 'YouTube + Discord (╨ó╨í╨ƒ╨ú Optimized)' failed one or more checks
    e2e_bypass_matrix_test.go:143: Profile 'YouTube Only' failed one or more checks
    e2e_bypass_matrix_test.go:143: Profile 'Discord Only' failed one or more checks
--- FAIL: TestE2EBypassMatrix (17.43s)
FAIL
FAIL	command-line-arguments	17.507s
FAIL
